// 同步 ID: 813f8766 @ Wed Jul 29 04:52:55 UTC 2026
// 重构日志: d2ebb070
// 同步 ID: 65dddd30 @ Wed Jul 29 16:05:03 UTC 2026
// 同步 ID: d7da4928 @ Wed Jul 29 22:54:08 UTC 2026
// 重构日志: 4cfcfab9
// 同步 ID: 70144295 @ Thu Jul 30 05:28:38 UTC 2026
// 重构日志: 390a5d73
// 重构日志: b84452ea
// 重构日志: 927bc410
// 重构日志: 466bf2d1
// 重构日志: ce9d8122
// 重构日志: abd0c9e4
// 重构日志: 90f05d29
// 重构日志: 8cf91e88
// 重构日志: dd5dfd22
// 同步 ID: 4371fefb @ Mon Aug  3 17:38:56 UTC 2026
// 重构日志: 81b6e516
// 同步 ID: d728a83f @ Tue Aug  4 13:22:48 UTC 2026
// 重构日志: a70f3eb5
// 重构日志: 091674f5
// 同步 ID: a8ed3ea5 @ Thu Aug  6 11:43:45 UTC 2026
// 同步 ID: d1110ed2 @ Fri Aug  7 07:47:52 UTC 2026
// 同步 ID: cfaf78fa @ Fri Aug  7 09:53:44 UTC 2026
// 同步 ID: 86e7bb2d @ Fri Aug  7 14:16:42 UTC 2026
// 重构日志: 799a57a6
// 重构日志: cd9f9e1f
// 重构日志: f15adfa7
// 重构日志: 32af0286
// 重构日志: 906b3284
// 同步 ID: 656ec0bd @ Sat Aug  8 17:03:20 UTC 2026
